[backblue.gif]
[fade.gif]
[index.html]
[themes.quitenicestuff2.com/chauffeur/header-1/js/fontawesome-markers.min.js]
[maxcdn.bootstrapcdn.com/font-awesome/4.6.3/css/font-awesome.min.css]
[themes.quitenicestuff2.com/chauffeur/header-1/images/image1.jpg]
[themes.quitenicestuff2.com/chauffeur/header-1/images/image2.jpg]
[themes.quitenicestuff2.com/chauffeur/header-1/images/image3.jpg]
[themes.quitenicestuff2.com/chauffeur/header-1/images/image4.jpg]
[themes.quitenicestuff2.com/chauffeur/header-1/images/image18.jpg]
[themes.quitenicestuff2.com/chauffeur/header-1/images/image19.jpg]
[themes.quitenicestuff2.com/chauffeur/header-1/images/image20.jpg]
[themes.quitenicestuff2.com/chauffeur/header-1/images/image22.jpg]
[themes.quitenicestuff2.com/chauffeur/header-1/images/image7.jpg]
[themes.quitenicestuff2.com/chauffeur/header-1/images/image8.jpg]
[themes.quitenicestuff2.com/chauffeur/header-1/images/image9.jpg]
[themes.quitenicestuff2.com/chauffeur/header-1/images/image11.jpg]
[themes.quitenicestuff2.com/chauffeur/header-1/images/image11-thumb.jpg]
[themes.quitenicestuff2.com/chauffeur/header-1/images/image12.jpg]
[themes.quitenicestuff2.com/chauffeur/header-1/images/image12-thumb.jpg]
[themes.quitenicestuff2.com/chauffeur/header-1/images/image13.jpg]
[themes.quitenicestuff2.com/chauffeur/header-1/images/image13-thumb.jpg]
[themes.quitenicestuff2.com/chauffeur/header-1/images/image14.jpg]
[themes.quitenicestuff2.com/chauffeur/header-1/images/image14-thumb.jpg]
[themes.quitenicestuff2.com/chauffeur/header-1/images/image15.jpg]
[themes.quitenicestuff2.com/chauffeur/header-1/images/image15-thumb.jpg]
[themes.quitenicestuff2.com/chauffeur/header-1/images/image16.jpg]
[themes.quitenicestuff2.com/chauffeur/header-1/images/image16-thumb.jpg]
[themes.quitenicestuff2.com/chauffeur/header-1/images/image17.jpg]
[themes.quitenicestuff2.com/chauffeur/header-1/images/image23.jpg]
[themes.quitenicestuff2.com/chauffeur/header-1/images/image24.jpg]
[ajax.googleapis.com/ajax/libs/jquery/1.11.2/jquery.min.js]
[ajax.googleapis.com/ajax/libs/jqueryui/1.11.3/jquery-ui.min.js]
[themes.quitenicestuff2.com/chauffeur/header-1/rs-plugin/js/jquery.themepunch.tools.min838f.js]
[themes.quitenicestuff2.com/chauffeur/header-1/rs-plugin/js/jquery.themepunch.revolution.min838f.js]
[themes.quitenicestuff2.com/chauffeur/header-1/js/owl.carousel.min.js]
[themes.quitenicestuff2.com/chauffeur/header-1/js/jquery.prettyPhoto.js]
[themes.quitenicestuff2.com/chauffeur/header-1/rs-plugin/js/extensions/revolution.extension.video.min.js]
[themes.quitenicestuff2.com/chauffeur/header-1/rs-plugin/js/extensions/revolution.extension.slideanims.min.js]
[themes.quitenicestuff2.com/chauffeur/header-1/rs-plugin/js/extensions/revolution.extension.layeranimation.min.js]
[themes.quitenicestuff2.com/chauffeur/header-1/rs-plugin/js/extensions/revolution.extension.navigation.min.js]
[themes.quitenicestuff2.com/chauffeur/header-1/js/scripts.js]
[themes.quitenicestuff2.com/chauffeur/header-1/index.html]
[themes.quitenicestuff2.com/chauffeur/header-1/images/image27.jpg]
[themes.quitenicestuff2.com/chauffeur/header-1/images/image5.jpg]
[themes.quitenicestuff2.com/chauffeur/header-1/images/image10.jpg]
[themes.quitenicestuff2.com/chauffeur/header-1/images/image6.jpg]
[themes.quitenicestuff2.com/chauffeur/header-1/images/image26.jpg]
[themes.quitenicestuff2.com/chauffeur/header-1/images/image25.jpg]
[themes.quitenicestuff2.com/chauffeur/header-1/images/image28.jpg]
[themes.quitenicestuff2.com/chauffeur/header-1/css/style.css]
[themes.quitenicestuff2.com/chauffeur/header-1/css/color-red.css]
[themes.quitenicestuff2.com/chauffeur/header-1/css/responsive.css]
[maxcdn.bootstrapcdn.com/font-awesome/4.6.3/css/font-awesome.min.css]
[themes.quitenicestuff2.com/chauffeur/header-1/rs-plugin/assets/loader.gif]
[themes.quitenicestuff2.com/chauffeur/header-1/rs-plugin/css/settings.css]
[themes.quitenicestuff2.com/chauffeur/header-1/rs-plugin/css/layers.css]
[themes.quitenicestuff2.com/chauffeur/header-1/rs-plugin/css/navigation.css]
[themes.quitenicestuff2.com/chauffeur/header-1/css/owl.carousel.css]
[themes.quitenicestuff2.com/chauffeur/header-1/css/prettyPhoto.css]
[themes.quitenicestuff2.com/chauffeur/header-1/favicon.html]
[themes.quitenicestuff2.com/chauffeur/header-1/about-us.html]
[themes.quitenicestuff2.com/chauffeur/header-1/our-fleet-3-col.html]
[themes.quitenicestuff2.com/chauffeur/header-1/images/image55.jpg]
[themes.quitenicestuff2.com/chauffeur/header-1/images/image56.jpg]
[themes.quitenicestuff2.com/chauffeur/header-1/images/image57.jpg]
[themes.quitenicestuff2.com/chauffeur/header-1/images/image58.jpg]
[themes.quitenicestuff2.com/chauffeur/header-1/images/image59.jpg]
[themes.quitenicestuff2.com/chauffeur/header-1/images/image60.jpg]
[themes.quitenicestuff2.com/chauffeur/header-1/images/image61.jpg]
[themes.quitenicestuff2.com/chauffeur/header-1/images/image62.jpg]
[themes.quitenicestuff2.com/chauffeur/header-1/service-rates.html]
[themes.quitenicestuff2.com/chauffeur/header-1/index-2.html]
[themes.quitenicestuff2.com/chauffeur/header-1/booking.html]
[themes.quitenicestuff2.com/chauffeur/header-1/images/slide3.jpg]
[themes.quitenicestuff2.com/chauffeur/header-1/images/slide2.jpg]
[themes.quitenicestuff2.com/chauffeur/header-1/index2.html]
[themes.quitenicestuff2.com/chauffeur/header-1/our-fleet-2-col.html]
[themes.quitenicestuff2.com/chauffeur/header-1/our-fleet-4-col.html]
[themes.quitenicestuff2.com/chauffeur/header-1/our-fleet-5-col.html]
[themes.quitenicestuff2.com/chauffeur/header-1/our-fleet-3-col-full.html]
[themes.quitenicestuff2.com/chauffeur/header-1/our-fleet-2-col-full.html]
[themes.quitenicestuff2.com/chauffeur/header-1/our-fleet-4-col-full.html]
[themes.quitenicestuff2.com/chauffeur/header-1/our-fleet-5-col-full.html]
[themes.quitenicestuff2.com/chauffeur/header-1/images/image36.jpg]
[themes.quitenicestuff2.com/chauffeur/header-1/images/image37.jpg]
[themes.quitenicestuff2.com/chauffeur/header-1/our-fleet-single.html]
[themes.quitenicestuff2.com/chauffeur/header-1/images/image63.jpg]
[themes.quitenicestuff2.com/chauffeur/header-1/images/image64.jpg]
[themes.quitenicestuff2.com/chauffeur/header-1/images/image65.jpg]
[themes.quitenicestuff2.com/chauffeur/header-1/images/image66.jpg]
[themes.quitenicestuff2.com/chauffeur/header-1/images/image67.jpg]
[themes.quitenicestuff2.com/chauffeur/header-1/booking2.html]
[themes.quitenicestuff2.com/chauffeur/header-1/booking3.html]
[themes.quitenicestuff2.com/chauffeur/header-1/booking4.html]
[themes.quitenicestuff2.com/chauffeur/header-1/images/image29.jpg]
[themes.quitenicestuff2.com/chauffeur/header-1/images/image30.jpg]
[themes.quitenicestuff2.com/chauffeur/header-1/images/image31.jpg]
[themes.quitenicestuff2.com/chauffeur/header-1/pages.html]
[themes.quitenicestuff2.com/chauffeur/header-1/typography.html]
[themes.quitenicestuff2.com/chauffeur/header-1/404-page.html]
[themes.quitenicestuff2.com/chauffeur/header-1/search-results.html]
[themes.quitenicestuff2.com/chauffeur/header-1/js-elements.html]
[themes.quitenicestuff2.com/chauffeur/header-1/full-width.html]
[themes.quitenicestuff2.com/chauffeur/header-1/images/image48.jpg]
[themes.quitenicestuff2.com/chauffeur/header-1/images/image49.jpg]
[themes.quitenicestuff2.com/chauffeur/header-1/images/image50.jpg]
[themes.quitenicestuff2.com/chauffeur/header-1/images/image51.jpg]
[themes.quitenicestuff2.com/chauffeur/header-1/images/image52.jpg]
[themes.quitenicestuff2.com/chauffeur/header-1/images/image53.jpg]
[themes.quitenicestuff2.com/chauffeur/header-1/images/image54.jpg]
[themes.quitenicestuff2.com/chauffeur/header-1/photos-4-col.html]
[themes.quitenicestuff2.com/chauffeur/header-1/photos-2-col.html]
[themes.quitenicestuff2.com/chauffeur/header-1/photos-3-col.html]
[themes.quitenicestuff2.com/chauffeur/header-1/photos-5-col.html]
[themes.quitenicestuff2.com/chauffeur/header-1/photos-4-col-full.html]
[themes.quitenicestuff2.com/chauffeur/header-1/photos-2-col-full.html]
[themes.quitenicestuff2.com/chauffeur/header-1/photos-3-col-full.html]
[themes.quitenicestuff2.com/chauffeur/header-1/photos-5-col-full.html]
[themes.quitenicestuff2.com/chauffeur/header-1/images/image39.jpg]
[themes.quitenicestuff2.com/chauffeur/header-1/images/image40.jpg]
[themes.quitenicestuff2.com/chauffeur/header-1/images/image41.jpg]
[themes.quitenicestuff2.com/chauffeur/header-1/images/image42.jpg]
[themes.quitenicestuff2.com/chauffeur/header-1/images/image43.jpg]
[themes.quitenicestuff2.com/chauffeur/header-1/images/image44.jpg]
[themes.quitenicestuff2.com/chauffeur/header-1/news-3-col-grid.html]
[themes.quitenicestuff2.com/chauffeur/header-1/news-2-col-grid.html]
[themes.quitenicestuff2.com/chauffeur/header-1/news-4-col-grid.html]
[themes.quitenicestuff2.com/chauffeur/header-1/news-5-col-grid.html]
[themes.quitenicestuff2.com/chauffeur/header-1/images/image38.jpg]
[themes.quitenicestuff2.com/chauffeur/header-1/images/image46.jpg]
[themes.quitenicestuff2.com/chauffeur/header-1/images/image47.jpg]
[themes.quitenicestuff2.com/chauffeur/header-1/news-1-col-listing.html]
[themes.quitenicestuff2.com/chauffeur/header-1/images/image45.jpg]
[themes.quitenicestuff2.com/chauffeur/header-1/news-single.html]
[themes.quitenicestuff2.com/chauffeur/header-1/testimonials.html]
[themes.quitenicestuff2.com/chauffeur/header-1/testimonials-full.html]
[themes.quitenicestuff2.com/chauffeur/header-1/testimonials-single.html]
[themes.quitenicestuff2.com/chauffeur/header-1/images/image32.jpg]
[themes.quitenicestuff2.com/chauffeur/header-1/images/image32-thumb.jpg]
[themes.quitenicestuff2.com/chauffeur/header-1/images/image33.jpg]
[themes.quitenicestuff2.com/chauffeur/header-1/images/image33-thumb.jpg]
[themes.quitenicestuff2.com/chauffeur/header-1/images/image34.jpg]
[themes.quitenicestuff2.com/chauffeur/header-1/images/image34-thumb.jpg]
[themes.quitenicestuff2.com/chauffeur/header-1/images/image35.jpg]
[themes.quitenicestuff2.com/chauffeur/header-1/images/image35-thumb.jpg]
[themes.quitenicestuff2.com/chauffeur/header-1/about-us2.html]
[themes.quitenicestuff2.com/chauffeur/header-1/contact-us.html]
[themes.quitenicestuff2.com/chauffeur/header-1/contact-us2.html]
[themes.quitenicestuff2.com/chauffeur/header-1/fleet-charter-single.html]
[themes.quitenicestuff2.com/chauffeur/header-1/rs-plugin/fonts/revicons/revicons90c6.html]
[themes.quitenicestuff2.com/chauffeur/header-1/rs-plugin/fonts/revicons/revicons90c6-2.html]
[themes.quitenicestuff2.com/chauffeur/header-1/rs-plugin/fonts/revicons/revicons90c6-3.html]
[themes.quitenicestuff2.com/chauffeur/header-1/rs-plugin/fonts/revicons/revicons90c6-4.html]
[themes.quitenicestuff2.com/chauffeur/header-1/rs-plugin/css/openhand.html]
[themes.quitenicestuff2.com/chauffeur/header-1/rs-plugin/css/closedhand.html]
[themes.quitenicestuff2.com/chauffeur/header-1/rs-plugin/assets/gridtile.html]
[themes.quitenicestuff2.com/chauffeur/header-1/rs-plugin/assets/gridtile_white.html]
[themes.quitenicestuff2.com/chauffeur/header-1/rs-plugin/assets/gridtile_3x3.html]
[themes.quitenicestuff2.com/chauffeur/header-1/rs-plugin/assets/gridtile_3x3_white.html]
[themes.quitenicestuff2.com/chauffeur/header-1/rs-plugin/assets/coloredbg.html]
[themes.quitenicestuff2.com/chauffeur/header-1/css/owl.video.play.html]
[themes.quitenicestuff2.com/chauffeur/header-1/images/prettyPhoto/facebook/default_thumbnail.html]
[themes.quitenicestuff2.com/chauffeur/header-1/images/prettyPhoto/light_rounded/btnNext.html]
[themes.quitenicestuff2.com/chauffeur/header-1/images/prettyPhoto/light_rounded/loader.html]
[themes.quitenicestuff2.com/chauffeur/header-1/images/prettyPhoto/dark_rounded/contentPattern.html]
